mode: atomic
github.com/promptshield/promptshield/cmd/promptshield/main.go:13.13,17.44 3 0
github.com/promptshield/promptshield/cmd/promptshield/main.go:17.44,20.6 2 0
github.com/promptshield/promptshield/internal/discovery/discovery.go:12.53,14.25 2 1
github.com/promptshield/promptshield/internal/discovery/discovery.go:14.25,16.40 1 3
github.com/promptshield/promptshield/internal/discovery/discovery.go:16.40,17.18 1 2
github.com/promptshield/promptshield/internal/discovery/discovery.go:17.18,19.79 1 1
github.com/promptshield/promptshield/internal/discovery/discovery.go:19.79,20.20 1 2
github.com/promptshield/promptshield/internal/discovery/discovery.go:20.20,22.7 1 0
github.com/promptshield/promptshield/internal/discovery/discovery.go:23.6,23.19 1 2
github.com/promptshield/promptshield/internal/discovery/discovery.go:23.19,26.69 2 1
github.com/promptshield/promptshield/internal/discovery/discovery.go:26.69,28.8 1 0
github.com/promptshield/promptshield/internal/discovery/discovery.go:29.7,29.17 1 1
github.com/promptshield/promptshield/internal/discovery/discovery.go:32.6,34.16 3 1
github.com/promptshield/promptshield/internal/discovery/discovery.go:36.5,36.13 1 1
github.com/promptshield/promptshield/internal/discovery/discovery.go:38.4,40.12 3 1
github.com/promptshield/promptshield/internal/discovery/discovery.go:43.3,44.29 2 1
github.com/promptshield/promptshield/internal/discovery/discovery.go:44.29,45.56 1 0
github.com/promptshield/promptshield/internal/discovery/discovery.go:45.56,48.5 2 0
github.com/promptshield/promptshield/internal/discovery/discovery.go:51.2,51.21 1 1
github.com/promptshield/promptshield/internal/discovery/discovery.go:51.21,53.3 1 0
github.com/promptshield/promptshield/internal/discovery/discovery.go:55.2,56.23 2 1
github.com/promptshield/promptshield/internal/discovery/discovery.go:56.23,58.3 1 2
github.com/promptshield/promptshield/internal/discovery/discovery.go:59.2,60.17 2 1
github.com/promptshield/promptshield/internal/scanner/rule_eval.go:21.55,23.28 2 3
github.com/promptshield/promptshield/internal/scanner/rule_eval.go:23.28,32.33 2 4
github.com/promptshield/promptshield/internal/scanner/rule_eval.go:32.33,34.4 1 3
github.com/promptshield/promptshield/internal/scanner/rule_eval.go:36.3,36.34 1 4
github.com/promptshield/promptshield/internal/scanner/rule_eval.go:36.34,38.17 2 1
github.com/promptshield/promptshield/internal/scanner/rule_eval.go:38.17,40.5 1 1
github.com/promptshield/promptshield/internal/scanner/rule_eval.go:42.3,42.24 1 4
github.com/promptshield/promptshield/internal/scanner/rule_eval.go:44.2,44.12 1 3
github.com/promptshield/promptshield/internal/scanner/rule_eval.go:47.44,48.13 1 8
github.com/promptshield/promptshield/internal/scanner/rule_eval.go:48.13,50.3 1 4
github.com/promptshield/promptshield/internal/scanner/rule_eval.go:51.2,51.10 1 4
github.com/promptshield/promptshield/internal/scanner/rule_eval.go:54.63,55.16 1 1
github.com/promptshield/promptshield/internal/scanner/rule_eval.go:55.16,57.3 1 0
github.com/promptshield/promptshield/internal/scanner/rule_eval.go:58.2,59.26 2 1
github.com/promptshield/promptshield/internal/scanner/rule_eval.go:59.26,60.29 1 0
github.com/promptshield/promptshield/internal/scanner/rule_eval.go:61.26,62.28 1 0
github.com/promptshield/promptshield/internal/scanner/rule_eval.go:63.25,64.28 1 0
github.com/promptshield/promptshield/internal/scanner/rule_eval.go:67.2,68.16 2 1
github.com/promptshield/promptshield/internal/scanner/rule_eval.go:68.16,70.3 1 0
github.com/promptshield/promptshield/internal/scanner/rule_eval.go:71.2,71.11 1 1
github.com/promptshield/promptshield/internal/scanner/rule_eval.go:77.97,78.52 1 5
github.com/promptshield/promptshield/internal/scanner/rule_eval.go:78.52,80.3 1 0
github.com/promptshield/promptshield/internal/scanner/rule_eval.go:81.2,81.17 1 5
github.com/promptshield/promptshield/internal/scanner/rule_eval.go:81.17,83.3 1 4
github.com/promptshield/promptshield/internal/scanner/rule_eval.go:84.2,84.36 1 1
github.com/promptshield/promptshield/internal/scanner/rule_eval.go:87.71,88.14 1 1
github.com/promptshield/promptshield/internal/scanner/rule_eval.go:88.14,90.3 1 0
github.com/promptshield/promptshield/internal/scanner/rule_eval.go:91.2,91.23 1 1
github.com/promptshield/promptshield/internal/scanner/rule_eval.go:91.23,93.3 1 0
github.com/promptshield/promptshield/internal/scanner/rule_eval.go:94.2,94.16 1 1
github.com/promptshield/promptshield/internal/scanner/rule_eval.go:94.16,96.3 1 0
github.com/promptshield/promptshield/internal/scanner/rule_eval.go:97.2,97.31 1 1
github.com/promptshield/promptshield/internal/scanner/rule_eval.go:97.31,99.10 2 1
github.com/promptshield/promptshield/internal/scanner/rule_eval.go:99.10,101.4 1 0
github.com/promptshield/promptshield/internal/scanner/rule_eval.go:102.3,103.26 2 1
github.com/promptshield/promptshield/internal/scanner/rule_eval.go:103.26,104.33 1 1
github.com/promptshield/promptshield/internal/scanner/rule_eval.go:104.33,106.10 2 0
github.com/promptshield/promptshield/internal/scanner/rule_eval.go:109.3,109.13 1 1
github.com/promptshield/promptshield/internal/scanner/rule_eval.go:109.13,111.4 1 1
github.com/promptshield/promptshield/internal/scanner/rule_eval.go:113.2,113.13 1 0
github.com/promptshield/promptshield/internal/scanner/scanner.go:34.21,44.2 1 3
github.com/promptshield/promptshield/internal/scanner/scanner.go:47.57,48.26 1 3
github.com/promptshield/promptshield/internal/scanner/scanner.go:48.26,50.3 1 3
github.com/promptshield/promptshield/internal/scanner/scanner.go:54.60,56.2 1 1
github.com/promptshield/promptshield/internal/scanner/scanner.go:59.88,60.9 1 0
github.com/promptshield/promptshield/internal/scanner/scanner.go:61.20,62.39 1 0
github.com/promptshield/promptshield/internal/scanner/scanner.go:63.10,63.10 0 0
github.com/promptshield/promptshield/internal/scanner/scanner.go:66.2,67.16 2 0
github.com/promptshield/promptshield/internal/scanner/scanner.go:67.16,69.3 1 0
github.com/promptshield/promptshield/internal/scanner/scanner.go:70.2,70.15 1 0
github.com/promptshield/promptshield/internal/scanner/scanner.go:70.15,70.32 1 0
github.com/promptshield/promptshield/internal/scanner/scanner.go:72.2,72.35 1 0
github.com/promptshield/promptshield/internal/scanner/scanner.go:76.108,85.21 6 4
github.com/promptshield/promptshield/internal/scanner/scanner.go:85.21,86.10 1 4
github.com/promptshield/promptshield/internal/scanner/scanner.go:87.21,88.40 1 0
github.com/promptshield/promptshield/internal/scanner/scanner.go:89.11,89.11 0 4
github.com/promptshield/promptshield/internal/scanner/scanner.go:92.3,98.39 6 4
github.com/promptshield/promptshield/internal/scanner/scanner.go:98.39,99.45 1 16
github.com/promptshield/promptshield/internal/scanner/scanner.go:99.45,107.5 1 0
github.com/promptshield/promptshield/internal/scanner/scanner.go:109.3,109.33 1 4
github.com/promptshield/promptshield/internal/scanner/scanner.go:109.33,110.61 1 5
github.com/promptshield/promptshield/internal/scanner/scanner.go:110.61,111.13 1 1
github.com/promptshield/promptshield/internal/scanner/scanner.go:113.4,114.28 2 4
github.com/promptshield/promptshield/internal/scanner/scanner.go:114.28,115.36 1 3
github.com/promptshield/promptshield/internal/scanner/scanner.go:115.36,116.37 1 3
github.com/promptshield/promptshield/internal/scanner/scanner.go:116.37,118.12 2 3
github.com/promptshield/promptshield/internal/scanner/scanner.go:122.4,122.39 1 4
github.com/promptshield/promptshield/internal/scanner/scanner.go:122.39,123.35 1 1
github.com/promptshield/promptshield/internal/scanner/scanner.go:123.35,124.30 1 1
github.com/promptshield/promptshield/internal/scanner/scanner.go:124.30,126.12 2 1
github.com/promptshield/promptshield/internal/scanner/scanner.go:130.4,130.15 1 4
github.com/promptshield/promptshield/internal/scanner/scanner.go:130.15,138.5 1 4
github.com/promptshield/promptshield/internal/scanner/scanner.go:142.2,142.38 1 4
github.com/promptshield/promptshield/internal/scanner/scanner.go:142.38,144.3 1 0
github.com/promptshield/promptshield/internal/scanner/scanner.go:145.2,145.20 1 4
github.com/promptshield/promptshield/internal/rules/loader.go:15.49,17.16 2 2
github.com/promptshield/promptshield/internal/rules/loader.go:17.16,19.3 1 0
github.com/promptshield/promptshield/internal/rules/loader.go:20.2,20.18 1 2
github.com/promptshield/promptshield/internal/rules/loader.go:20.18,22.3 1 0
github.com/promptshield/promptshield/internal/rules/loader.go:23.2,24.16 2 2
github.com/promptshield/promptshield/internal/rules/loader.go:24.16,26.3 1 0
github.com/promptshield/promptshield/internal/rules/loader.go:27.2,27.27 1 2
github.com/promptshield/promptshield/internal/rules/loader.go:30.46,32.81 2 0
github.com/promptshield/promptshield/internal/rules/loader.go:32.81,33.17 1 0
github.com/promptshield/promptshield/internal/rules/loader.go:33.17,35.4 1 0
github.com/promptshield/promptshield/internal/rules/loader.go:36.3,36.16 1 0
github.com/promptshield/promptshield/internal/rules/loader.go:36.16,38.19 1 0
github.com/promptshield/promptshield/internal/rules/loader.go:38.19,40.5 1 0
github.com/promptshield/promptshield/internal/rules/loader.go:41.4,41.14 1 0
github.com/promptshield/promptshield/internal/rules/loader.go:43.3,43.24 1 0
github.com/promptshield/promptshield/internal/rules/loader.go:43.24,45.4 1 0
github.com/promptshield/promptshield/internal/rules/loader.go:46.3,47.17 2 0
github.com/promptshield/promptshield/internal/rules/loader.go:47.17,49.4 1 0
github.com/promptshield/promptshield/internal/rules/loader.go:50.3,51.13 2 0
github.com/promptshield/promptshield/internal/rules/loader.go:53.2,53.16 1 0
github.com/promptshield/promptshield/internal/rules/loader.go:53.16,55.3 1 0
github.com/promptshield/promptshield/internal/rules/loader.go:56.2,56.19 1 0
github.com/promptshield/promptshield/internal/rules/loader.go:59.46,61.16 2 2
github.com/promptshield/promptshield/internal/rules/loader.go:61.16,63.3 1 0
github.com/promptshield/promptshield/internal/rules/loader.go:64.2,65.49 2 2
github.com/promptshield/promptshield/internal/rules/loader.go:65.49,67.3 1 0
github.com/promptshield/promptshield/internal/rules/loader.go:68.2,68.18 1 2
github.com/promptshield/promptshield/internal/rules/loader.go:68.18,70.3 1 0
github.com/promptshield/promptshield/internal/rules/loader.go:71.2,71.24 1 2
github.com/promptshield/promptshield/internal/rules/loader.go:71.24,73.3 1 0
github.com/promptshield/promptshield/internal/rules/loader.go:74.2,74.27 1 2
github.com/promptshield/promptshield/internal/rules/loader.go:74.27,76.3 1 0
github.com/promptshield/promptshield/internal/rules/loader.go:77.2,77.15 1 2
github.com/promptshield/promptshield/internal/rules/loader.go:80.35,81.28 1 0
github.com/promptshield/promptshield/internal/rules/loader.go:82.23,83.14 1 0
github.com/promptshield/promptshield/internal/rules/loader.go:84.10,85.15 1 0
github.com/promptshield/promptshield/internal/report/report.go:12.61,13.68 1 2
github.com/promptshield/promptshield/internal/report/report.go:13.68,15.3 1 0
github.com/promptshield/promptshield/internal/report/report.go:16.2,16.30 1 2
github.com/promptshield/promptshield/internal/report/report.go:16.30,19.3 2 1
github.com/promptshield/promptshield/internal/report/report.go:20.2,20.35 1 1
github.com/promptshield/promptshield/internal/report/report.go:20.35,21.132 1 2
github.com/promptshield/promptshield/internal/report/report.go:21.132,23.4 1 0
github.com/promptshield/promptshield/internal/report/report.go:25.2,25.12 1 1
github.com/promptshield/promptshield/internal/report/report.go:29.58,33.2 3 1
github.com/promptshield/promptshield/cmd/root.go:27.51,29.3 1 0
github.com/promptshield/promptshield/cmd/root.go:30.64,31.51 1 0
github.com/promptshield/promptshield/cmd/root.go:31.51,33.4 1 0
github.com/promptshield/promptshield/cmd/root.go:35.3,35.17 1 0
github.com/promptshield/promptshield/cmd/root.go:35.17,37.4 1 0
github.com/promptshield/promptshield/cmd/root.go:38.3,39.25 2 0
github.com/promptshield/promptshield/cmd/root.go:39.25,41.4 1 0
github.com/promptshield/promptshield/cmd/root.go:42.3,42.40 1 0
github.com/promptshield/promptshield/cmd/root.go:43.26,43.26 0 0
github.com/promptshield/promptshield/cmd/root.go:44.11,45.89 1 0
github.com/promptshield/promptshield/cmd/root.go:47.3,47.13 1 0
github.com/promptshield/promptshield/cmd/root.go:54.41,56.2 1 0
github.com/promptshield/promptshield/cmd/root.go:58.13,71.2 10 1
github.com/promptshield/promptshield/cmd/root.go:73.44,75.19 2 0
github.com/promptshield/promptshield/cmd/root.go:75.19,77.3 1 0
github.com/promptshield/promptshield/cmd/root.go:77.8,81.48 4 0
github.com/promptshield/promptshield/cmd/root.go:81.48,83.4 1 0
github.com/promptshield/promptshield/cmd/root.go:85.2,85.45 1 0
github.com/promptshield/promptshield/cmd/root.go:85.45,87.26 2 0
github.com/promptshield/promptshield/cmd/root.go:87.26,89.4 1 0
github.com/promptshield/promptshield/cmd/root.go:90.3,90.47 1 0
github.com/promptshield/promptshield/cmd/root.go:92.2,92.12 1 0
github.com/promptshield/promptshield/cmd/scan.go:27.54,31.25 3 0
github.com/promptshield/promptshield/cmd/scan.go:31.25,33.18 2 0
github.com/promptshield/promptshield/cmd/scan.go:33.18,35.5 1 0
github.com/promptshield/promptshield/cmd/scan.go:37.4,37.27 1 0
github.com/promptshield/promptshield/cmd/scan.go:37.27,39.26 2 0
github.com/promptshield/promptshield/cmd/scan.go:39.26,40.33 1 0
github.com/promptshield/promptshield/cmd/scan.go:40.33,42.7 1 0
github.com/promptshield/promptshield/cmd/scan.go:43.6,43.31 1 0
github.com/promptshield/promptshield/cmd/scan.go:43.31,45.7 1 0
github.com/promptshield/promptshield/cmd/scan.go:48.4,48.27 1 0
github.com/promptshield/promptshield/cmd/scan.go:51.3,52.17 2 0
github.com/promptshield/promptshield/cmd/scan.go:52.17,54.4 1 0
github.com/promptshield/promptshield/cmd/scan.go:56.3,56.27 1 0
github.com/promptshield/promptshield/cmd/scan.go:56.27,58.18 2 0
github.com/promptshield/promptshield/cmd/scan.go:58.18,60.5 1 0
github.com/promptshield/promptshield/cmd/scan.go:61.4,61.44 1 0
github.com/promptshield/promptshield/cmd/scan.go:62.16,63.64 1 0
github.com/promptshield/promptshield/cmd/scan.go:63.64,65.6 1 0
github.com/promptshield/promptshield/cmd/scan.go:66.12,67.67 1 0
github.com/promptshield/promptshield/cmd/scan.go:67.67,69.6 1 0
github.com/promptshield/promptshield/cmd/scan.go:72.3,72.13 1 0
github.com/promptshield/promptshield/cmd/scan.go:76.13,82.126 4 1
github.com/promptshield/promptshield/cmd/scan.go:82.126,83.21 1 0
github.com/promptshield/promptshield/cmd/scan.go:83.21,85.4 1 0
github.com/promptshield/promptshield/cmd/scan.go:86.3,86.95 1 0
github.com/promptshield/promptshield/cmd/scan.go:90.2,90.149 1 1
github.com/promptshield/promptshield/cmd/scan.go:90.149,92.3 1 0
github.com/promptshield/promptshield/cmd/scan.go:95.54,97.25 2 0
github.com/promptshield/promptshield/cmd/scan.go:97.25,98.32 1 0
github.com/promptshield/promptshield/cmd/scan.go:98.32,99.20 1 0
github.com/promptshield/promptshield/cmd/scan.go:99.20,102.16 3 0
github.com/promptshield/promptshield/cmd/scan.go:102.16,104.6 1 0
github.com/promptshield/promptshield/cmd/scan.go:105.5,105.10 1 0
github.com/promptshield/promptshield/cmd/scan.go:109.2,109.12 1 0
github.com/promptshield/promptshield/cmd/validate.go:16.54,18.17 2 0
github.com/promptshield/promptshield/cmd/validate.go:18.17,20.4 1 0
github.com/promptshield/promptshield/cmd/validate.go:21.3,21.27 1 0
github.com/promptshield/promptshield/cmd/validate.go:21.27,22.28 1 0
github.com/promptshield/promptshield/cmd/validate.go:22.28,24.5 1 0
github.com/promptshield/promptshield/cmd/validate.go:25.4,25.26 1 0
github.com/promptshield/promptshield/cmd/validate.go:25.26,27.5 1 0
github.com/promptshield/promptshield/cmd/validate.go:28.4,28.25 1 0
github.com/promptshield/promptshield/cmd/validate.go:28.25,30.5 1 0
github.com/promptshield/promptshield/cmd/validate.go:32.3,33.13 2 0
github.com/promptshield/promptshield/cmd/validate.go:37.13,39.2 1 1
github.com/promptshield/promptshield/cmd/version.go:19.47,21.3 1 0
github.com/promptshield/promptshield/cmd/version.go:24.13,26.2 1 1
